
Started Import Process
# System Details: 
Debug Mode 		: Disabled
Operating System 	: WINNT
Software 		: Apache/2.4.58 (Win64) OpenSSL/3.1.3 PHP/8.2.12
MySQL version 		: 10.4.32
XML Reader 		: Yes
PHP Version 		: 8.2.12
PHP Max Input Vars 	: 1000
PHP Max Post Size 	: 40M
PHP Extension GD 	: No
PHP Max Execution Time 	: 120
Max Upload Size 	: 40 MB
Memory Limit 		: Current memory limit 40M. We recommend setting memory to at least 64M.
Timezone 		: 0

-----

Importing Started! - 03:33:24 UTC
---

WHY IMPORT PROCESS CAN FAIL? READ THIS - 
https://wpastra.com/docs/?p=1314&utm_source=demo-import-panel&utm_campaign=import-error&utm_medium=wp-dashboard

---

Started Import Process
# System Details: 
Debug Mode 		: Disabled
Operating System 	: WINNT
Software 		: Apache/2.4.58 (Win64) OpenSSL/3.1.3 PHP/8.2.12
MySQL version 		: 10.4.32
XML Reader 		: Yes
PHP Version 		: 8.2.12
PHP Max Input Vars 	: 1000
PHP Max Post Size 	: 40M
PHP Extension GD 	: No
PHP Max Execution Time 	: 120
Max Upload Size 	: 40 MB
Memory Limit 		: Current memory limit 40M. We recommend setting memory to at least 64M.
Timezone 		: 0

-----

Importing Started! - 03:37:44 UTC
---

WHY IMPORT PROCESS CAN FAIL? READ THIS - 
https://wpastra.com/docs/?p=1314&utm_source=demo-import-panel&utm_campaign=import-error&utm_medium=wp-dashboard

---

Started Import Process
# System Details: 
Debug Mode 		: Disabled
Operating System 	: WINNT
Software 		: Apache/2.4.58 (Win64) OpenSSL/3.1.3 PHP/8.2.12
MySQL version 		: 10.4.32
XML Reader 		: Yes
PHP Version 		: 8.2.12
PHP Max Input Vars 	: 1000
PHP Max Post Size 	: 40M
PHP Extension GD 	: No
PHP Max Execution Time 	: 120
Max Upload Size 	: 40 MB
Memory Limit 		: Current memory limit 40M. We recommend setting memory to at least 64M.
Timezone 		: 0

-----

Importing Started! - 03:49:40 UTC
---

WHY IMPORT PROCESS CAN FAIL? READ THIS - 
https://wpastra.com/docs/?p=1314&utm_source=demo-import-panel&utm_campaign=import-error&utm_medium=wp-dashboard

---
